{
  "exact_match_rate_all_queries": 0.7333333333333333,
  "exact_match_rate_parsed_queries": 0.7333333333333333,
  "exact_matches": 22,
  "ignored_count": 0,
  "legacy_compatible_match_rate": 0.7333333333333333,
  "mean_element_accuracy_parsed_queries": null,
  "parse_rate": 1.0,
  "parsed_count": 30,
  "query_count": 30
}
{
  "exact_match_rate_all_queries": 0.6666666666666666,
  "exact_match_rate_parsed_queries": 0.6666666666666666,
  "exact_matches": 20,
  "ignored_count": 0,
  "legacy_compatible_match_rate": 0.6666666666666666,
  "mean_element_accuracy_parsed_queries": null,
  "parse_rate": 1.0,
  "parsed_count": 30,
  "query_count": 30
}
{
  "exact_match_rate_all_queries": 0.8666666666666667,
  "exact_match_rate_parsed_queries": 0.8666666666666667,
  "exact_matches": 26,
  "ignored_count": 0,
  "legacy_compatible_match_rate": 0.8666666666666667,
  "mean_element_accuracy_parsed_queries": null,
  "parse_rate": 1.0,
  "parsed_count": 30,
  "query_count": 30
}
{
  "exact_match_rate_all_queries": 0.8333333333333334,
  "exact_match_rate_parsed_queries": 0.8333333333333334,
  "exact_matches": 25,
  "ignored_count": 0,
  "legacy_compatible_match_rate": 0.8333333333333334,
  "mean_element_accuracy_parsed_queries": null,
  "parse_rate": 1.0,
  "parsed_count": 30,
  "query_count": 30
}
{
  "exact_match_rate_all_queries": 0.6,
  "exact_match_rate_parsed_queries": 0.6,
  "exact_matches": 18,
  "ignored_count": 0,
  "legacy_compatible_match_rate": 0.6,
  "mean_element_accuracy_parsed_queries": null,
  "parse_rate": 1.0,
  "parsed_count": 30,
  "query_count": 30
}
{
  "exact_match_rate_all_queries": 0.5333333333333333,
  "exact_match_rate_parsed_queries": 0.5333333333333333,
  "exact_matches": 16,
  "ignored_count": 0,
  "legacy_compatible_match_rate": 0.5333333333333333,
  "mean_element_accuracy_parsed_queries": null,
  "parse_rate": 1.0,
  "parsed_count": 30,
  "query_count": 30
}
{
  "exact_match_rate_all_queries": 0.5333333333333333,
  "exact_match_rate_parsed_queries": 0.5333333333333333,
  "exact_matches": 16,
  "ignored_count": 0,
  "legacy_compatible_match_rate": 0.5333333333333333,
  "mean_element_accuracy_parsed_queries": null,
  "parse_rate": 1.0,
  "parsed_count": 30,
  "query_count": 30
}
{
  "exact_match_rate_all_queries": 0.6,
  "exact_match_rate_parsed_queries": 0.6,
  "exact_matches": 18,
  "ignored_count": 0,
  "legacy_compatible_match_rate": 0.6,
  "mean_element_accuracy_parsed_queries": null,
  "parse_rate": 1.0,
  "parsed_count": 30,
  "query_count": 30
}
{
  "exact_match_rate_all_queries": 0.5666666666666667,
  "exact_match_rate_parsed_queries": 0.5862068965517241,
  "exact_matches": 17,
  "ignored_count": 1,
  "legacy_compatible_match_rate": 0.5862068965517241,
  "mean_element_accuracy_parsed_queries": 0.7758620689655172,
  "parse_rate": 0.9666666666666667,
  "parsed_count": 29,
  "query_count": 30
}
{
  "exact_match_rate_all_queries": 0.6333333333333333,
  "exact_match_rate_parsed_queries": 0.6333333333333333,
  "exact_matches": 19,
  "ignored_count": 0,
  "legacy_compatible_match_rate": 0.6333333333333333,
  "mean_element_accuracy_parsed_queries": 0.8166666666666667,
  "parse_rate": 1.0,
  "parsed_count": 30,
  "query_count": 30
}
{
  "exact_match_rate_all_queries": 0.43333333333333335,
  "exact_match_rate_parsed_queries": 0.43333333333333335,
  "exact_matches": 13,
  "ignored_count": 0,
  "legacy_compatible_match_rate": 0.43333333333333335,
  "mean_element_accuracy_parsed_queries": 0.7166666666666667,
  "parse_rate": 1.0,
  "parsed_count": 30,
  "query_count": 30
}
{
  "exact_match_rate_all_queries": 0.4,
  "exact_match_rate_parsed_queries": 0.4,
  "exact_matches": 12,
  "ignored_count": 0,
  "legacy_compatible_match_rate": 0.4,
  "mean_element_accuracy_parsed_queries": 0.6833333333333333,
  "parse_rate": 1.0,
  "parsed_count": 30,
  "query_count": 30
}
{
  "exact_match_rate_all_queries": 0.4666666666666667,
  "exact_match_rate_parsed_queries": 0.4827586206896552,
  "exact_matches": 14,
  "ignored_count": 1,
  "legacy_compatible_match_rate": 0.4827586206896552,
  "mean_element_accuracy_parsed_queries": 0.6206896551724138,
  "parse_rate": 0.9666666666666667,
  "parsed_count": 29,
  "query_count": 30
}
{
  "exact_match_rate_all_queries": 0.2,
  "exact_match_rate_parsed_queries": 0.2,
  "exact_matches": 6,
  "ignored_count": 0,
  "legacy_compatible_match_rate": 0.2,
  "mean_element_accuracy_parsed_queries": 0.38333333333333336,
  "parse_rate": 1.0,
  "parsed_count": 30,
  "query_count": 30
}
{
  "exact_match_rate_all_queries": 0.23333333333333334,
  "exact_match_rate_parsed_queries": 0.23333333333333334,
  "exact_matches": 7,
  "ignored_count": 0,
  "legacy_compatible_match_rate": 0.23333333333333334,
  "mean_element_accuracy_parsed_queries": 0.48333333333333334,
  "parse_rate": 1.0,
  "parsed_count": 30,
  "query_count": 30
}
{
  "exact_match_rate_all_queries": 0.3,
  "exact_match_rate_parsed_queries": 0.3,
  "exact_matches": 9,
  "ignored_count": 0,
  "legacy_compatible_match_rate": 0.3,
  "mean_element_accuracy_parsed_queries": 0.5166666666666667,
  "parse_rate": 1.0,
  "parsed_count": 30,
  "query_count": 30
}
{
  "exact_match_rate_all_queries": 0.06666666666666667,
  "exact_match_rate_parsed_queries": 0.3333333333333333,
  "exact_matches": 2,
  "ignored_count": 24,
  "legacy_compatible_match_rate": 0.06666666666666667,
  "mean_element_accuracy_parsed_queries": 0.3333333333333333,
  "parse_rate": 0.2,
  "parsed_count": 6,
  "query_count": 30
}
{
  "exact_match_rate_all_queries": 0.0,
  "exact_match_rate_parsed_queries": 0.0,
  "exact_matches": 0,
  "ignored_count": 28,
  "legacy_compatible_match_rate": 0.0,
  "mean_element_accuracy_parsed_queries": 0.0,
  "parse_rate": 0.06666666666666667,
  "parsed_count": 2,
  "query_count": 30
}
{
  "exact_match_rate_all_queries": 0.0,
  "exact_match_rate_parsed_queries": 0.0,
  "exact_matches": 0,
  "ignored_count": 25,
  "legacy_compatible_match_rate": 0.0,
  "mean_element_accuracy_parsed_queries": 0.0,
  "parse_rate": 0.16666666666666666,
  "parsed_count": 5,
  "query_count": 30
}
{
  "exact_match_rate_all_queries": 0.03333333333333333,
  "exact_match_rate_parsed_queries": 0.25,
  "exact_matches": 1,
  "ignored_count": 26,
  "legacy_compatible_match_rate": 0.03333333333333333,
  "mean_element_accuracy_parsed_queries": 0.25,
  "parse_rate": 0.13333333333333333,
  "parsed_count": 4,
  "query_count": 30
}
{
  "exact_match_rate_all_queries": 0.06666666666666667,
  "exact_match_rate_parsed_queries": 0.4,
  "exact_matches": 2,
  "ignored_count": 25,
  "legacy_compatible_match_rate": 0.06666666666666667,
  "mean_element_accuracy_parsed_queries": 0.4,
  "parse_rate": 0.16666666666666666,
  "parsed_count": 5,
  "query_count": 30
}
{
  "exact_match_rate_all_queries": 0.0,
  "exact_match_rate_parsed_queries": 0.0,
  "exact_matches": 0,
  "ignored_count": 28,
  "legacy_compatible_match_rate": 0.0,
  "mean_element_accuracy_parsed_queries": 0.0,
  "parse_rate": 0.06666666666666667,
  "parsed_count": 2,
  "query_count": 30
}
{
  "exact_match_rate_all_queries": 0.0,
  "exact_match_rate_parsed_queries": 0.0,
  "exact_matches": 0,
  "ignored_count": 27,
  "legacy_compatible_match_rate": 0.0,
  "mean_element_accuracy_parsed_queries": 0.0,
  "parse_rate": 0.1,
  "parsed_count": 3,
  "query_count": 30
}
{
  "exact_match_rate_all_queries": 0.0,
  "exact_match_rate_parsed_queries": 0.0,
  "exact_matches": 0,
  "ignored_count": 29,
  "legacy_compatible_match_rate": 0.0,
  "mean_element_accuracy_parsed_queries": 0.0,
  "parse_rate": 0.03333333333333333,
  "parsed_count": 1,
  "query_count": 30
}
{
  "exact_match_rate_all_queries": 0.06666666666666667,
  "exact_match_rate_parsed_queries": 0.07142857142857142,
  "exact_matches": 2,
  "ignored_count": 2,
  "legacy_compatible_match_rate": 0.07142857142857142,
  "mean_element_accuracy_parsed_queries": 0.35714285714285715,
  "parse_rate": 0.9333333333333333,
  "parsed_count": 28,
  "query_count": 30
}
{
  "exact_match_rate_all_queries": 0.0,
  "exact_match_rate_parsed_queries": 0.0,
  "exact_matches": 0,
  "ignored_count": 1,
  "legacy_compatible_match_rate": 0.0,
  "mean_element_accuracy_parsed_queries": 0.4022988505747126,
  "parse_rate": 0.9666666666666667,
  "parsed_count": 29,
  "query_count": 30
}
{
  "exact_match_rate_all_queries": 0.03333333333333333,
  "exact_match_rate_parsed_queries": 0.03571428571428571,
  "exact_matches": 1,
  "ignored_count": 2,
  "legacy_compatible_match_rate": 0.03571428571428571,
  "mean_element_accuracy_parsed_queries": 0.2738095238095238,
  "parse_rate": 0.9333333333333333,
  "parsed_count": 28,
  "query_count": 30
}
{
  "exact_match_rate_all_queries": 0.0,
  "exact_match_rate_parsed_queries": 0.0,
  "exact_matches": 0,
  "ignored_count": 0,
  "legacy_compatible_match_rate": 0.0,
  "mean_element_accuracy_parsed_queries": 0.31111111111111106,
  "parse_rate": 1.0,
  "parsed_count": 30,
  "query_count": 30
}
{
  "exact_match_rate_all_queries": 0.0,
  "exact_match_rate_parsed_queries": 0.0,
  "exact_matches": 0,
  "ignored_count": 2,
  "legacy_compatible_match_rate": 0.0,
  "mean_element_accuracy_parsed_queries": 0.42857142857142855,
  "parse_rate": 0.9333333333333333,
  "parsed_count": 28,
  "query_count": 30
}
{
  "exact_match_rate_all_queries": 0.06666666666666667,
  "exact_match_rate_parsed_queries": 0.06896551724137931,
  "exact_matches": 2,
  "ignored_count": 1,
  "legacy_compatible_match_rate": 0.06896551724137931,
  "mean_element_accuracy_parsed_queries": 0.3793103448275862,
  "parse_rate": 0.9666666666666667,
  "parsed_count": 29,
  "query_count": 30
}
{
  "exact_match_rate_all_queries": 0.13333333333333333,
  "exact_match_rate_parsed_queries": 0.13333333333333333,
  "exact_matches": 4,
  "ignored_count": 0,
  "legacy_compatible_match_rate": 0.13333333333333333,
  "mean_element_accuracy_parsed_queries": 0.3333333333333333,
  "parse_rate": 1.0,
  "parsed_count": 30,
  "query_count": 30
}
{
  "exact_match_rate_all_queries": 0.0,
  "exact_match_rate_parsed_queries": 0.0,
  "exact_matches": 0,
  "ignored_count": 0,
  "legacy_compatible_match_rate": 0.0,
  "mean_element_accuracy_parsed_queries": 0.3,
  "parse_rate": 1.0,
  "parsed_count": 30,
  "query_count": 30
}
