{
  "exact_match_rate_all_queries": 0.0,
  "exact_match_rate_parsed_queries": 0.0,
  "exact_matches": 0,
  "ignored_count": 9,
  "legacy_compatible_match_rate": 0.0,
  "mean_element_accuracy_parsed_queries": 0.0,
  "parse_rate": 0.1,
  "parsed_count": 1,
  "query_count": 10
}
{
  "exact_match_rate_all_queries": 0.0,
  "exact_match_rate_parsed_queries": null,
  "exact_matches": 0,
  "ignored_count": 10,
  "legacy_compatible_match_rate": 0.0,
  "mean_element_accuracy_parsed_queries": null,
  "parse_rate": 0.0,
  "parsed_count": 0,
  "query_count": 10
}
{
  "exact_match_rate_all_queries": 0.8,
  "exact_match_rate_parsed_queries": 0.8,
  "exact_matches": 8,
  "ignored_count": 0,
  "legacy_compatible_match_rate": 0.8,
  "mean_element_accuracy_parsed_queries": 0.9333333333333333,
  "parse_rate": 1.0,
  "parsed_count": 10,
  "query_count": 10
}
{
  "exact_match_rate_all_queries": 0.8,
  "exact_match_rate_parsed_queries": 0.8,
  "exact_matches": 8,
  "ignored_count": 0,
  "legacy_compatible_match_rate": 0.8,
  "mean_element_accuracy_parsed_queries": 0.9333333333333333,
  "parse_rate": 1.0,
  "parsed_count": 10,
  "query_count": 10
}
{
  "exact_match_rate_all_queries": 0.0,
  "exact_match_rate_parsed_queries": 0.0,
  "exact_matches": 0,
  "ignored_count": 9,
  "legacy_compatible_match_rate": 0.0,
  "mean_element_accuracy_parsed_queries": 0.0,
  "parse_rate": 0.1,
  "parsed_count": 1,
  "query_count": 10
}
{
  "exact_match_rate_all_queries": 0.0,
  "exact_match_rate_parsed_queries": null,
  "exact_matches": 0,
  "ignored_count": 10,
  "legacy_compatible_match_rate": 0.0,
  "mean_element_accuracy_parsed_queries": null,
  "parse_rate": 0.0,
  "parsed_count": 0,
  "query_count": 10
}
{
  "exact_match_rate_all_queries": 0.8,
  "exact_match_rate_parsed_queries": 0.8,
  "exact_matches": 8,
  "ignored_count": 0,
  "legacy_compatible_match_rate": 0.8,
  "mean_element_accuracy_parsed_queries": 0.9333333333333333,
  "parse_rate": 1.0,
  "parsed_count": 10,
  "query_count": 10
}
{
  "exact_match_rate_all_queries": 0.9,
  "exact_match_rate_parsed_queries": 0.9,
  "exact_matches": 9,
  "ignored_count": 0,
  "legacy_compatible_match_rate": 0.9,
  "mean_element_accuracy_parsed_queries": 0.9666666666666666,
  "parse_rate": 1.0,
  "parsed_count": 10,
  "query_count": 10
}
{
  "exact_match_rate_all_queries": 0.0,
  "exact_match_rate_parsed_queries": null,
  "exact_matches": 0,
  "ignored_count": 10,
  "legacy_compatible_match_rate": 0.0,
  "mean_element_accuracy_parsed_queries": null,
  "parse_rate": 0.0,
  "parsed_count": 0,
  "query_count": 10
}
{
  "exact_match_rate_all_queries": 0.0,
  "exact_match_rate_parsed_queries": null,
  "exact_matches": 0,
  "ignored_count": 10,
  "legacy_compatible_match_rate": 0.0,
  "mean_element_accuracy_parsed_queries": null,
  "parse_rate": 0.0,
  "parsed_count": 0,
  "query_count": 10
}
{
  "exact_match_rate_all_queries": 0.8,
  "exact_match_rate_parsed_queries": 0.8,
  "exact_matches": 8,
  "ignored_count": 0,
  "legacy_compatible_match_rate": 0.8,
  "mean_element_accuracy_parsed_queries": 0.9333333333333333,
  "parse_rate": 1.0,
  "parsed_count": 10,
  "query_count": 10
}
{
  "exact_match_rate_all_queries": 0.8,
  "exact_match_rate_parsed_queries": 0.8,
  "exact_matches": 8,
  "ignored_count": 0,
  "legacy_compatible_match_rate": 0.8,
  "mean_element_accuracy_parsed_queries": 0.9333333333333333,
  "parse_rate": 1.0,
  "parsed_count": 10,
  "query_count": 10
}
