{
  "exact_match_rate_all_queries": 0.0,
  "exact_match_rate_parsed_queries": 0.0,
  "exact_matches": 0,
  "ignored_count": 7,
  "legacy_compatible_match_rate": 0.0,
  "mean_element_accuracy_parsed_queries": 0.0,
  "parse_rate": 0.3,
  "parsed_count": 3,
  "query_count": 10
}
{
  "exact_match_rate_all_queries": 0.0,
  "exact_match_rate_parsed_queries": 0.0,
  "exact_matches": 0,
  "ignored_count": 9,
  "legacy_compatible_match_rate": 0.0,
  "mean_element_accuracy_parsed_queries": 0.0,
  "parse_rate": 0.1,
  "parsed_count": 1,
  "query_count": 10
}
{
  "exact_match_rate_all_queries": 1.0,
  "exact_match_rate_parsed_queries": 1.0,
  "exact_matches": 10,
  "ignored_count": 0,
  "legacy_compatible_match_rate": 1.0,
  "mean_element_accuracy_parsed_queries": 1.0,
  "parse_rate": 1.0,
  "parsed_count": 10,
  "query_count": 10
}
{
  "exact_match_rate_all_queries": 0.9,
  "exact_match_rate_parsed_queries": 0.9,
  "exact_matches": 9,
  "ignored_count": 0,
  "legacy_compatible_match_rate": 0.9,
  "mean_element_accuracy_parsed_queries": 0.9666666666666666,
  "parse_rate": 1.0,
  "parsed_count": 10,
  "query_count": 10
}
{
  "exact_match_rate_all_queries": 0.0,
  "exact_match_rate_parsed_queries": 0.0,
  "exact_matches": 0,
  "ignored_count": 8,
  "legacy_compatible_match_rate": 0.0,
  "mean_element_accuracy_parsed_queries": 0.0,
  "parse_rate": 0.2,
  "parsed_count": 2,
  "query_count": 10
}
{
  "exact_match_rate_all_queries": 0.0,
  "exact_match_rate_parsed_queries": 0.0,
  "exact_matches": 0,
  "ignored_count": 9,
  "legacy_compatible_match_rate": 0.0,
  "mean_element_accuracy_parsed_queries": 0.0,
  "parse_rate": 0.1,
  "parsed_count": 1,
  "query_count": 10
}
{
  "exact_match_rate_all_queries": 1.0,
  "exact_match_rate_parsed_queries": 1.0,
  "exact_matches": 10,
  "ignored_count": 0,
  "legacy_compatible_match_rate": 1.0,
  "mean_element_accuracy_parsed_queries": 1.0,
  "parse_rate": 1.0,
  "parsed_count": 10,
  "query_count": 10
}
{
  "exact_match_rate_all_queries": 0.9,
  "exact_match_rate_parsed_queries": 0.9,
  "exact_matches": 9,
  "ignored_count": 0,
  "legacy_compatible_match_rate": 0.9,
  "mean_element_accuracy_parsed_queries": 0.9666666666666666,
  "parse_rate": 1.0,
  "parsed_count": 10,
  "query_count": 10
}
{
  "exact_match_rate_all_queries": 0.0,
  "exact_match_rate_parsed_queries": 0.0,
  "exact_matches": 0,
  "ignored_count": 8,
  "legacy_compatible_match_rate": 0.0,
  "mean_element_accuracy_parsed_queries": 0.0,
  "parse_rate": 0.2,
  "parsed_count": 2,
  "query_count": 10
}
{
  "exact_match_rate_all_queries": 0.0,
  "exact_match_rate_parsed_queries": 0.0,
  "exact_matches": 0,
  "ignored_count": 8,
  "legacy_compatible_match_rate": 0.0,
  "mean_element_accuracy_parsed_queries": 0.0,
  "parse_rate": 0.2,
  "parsed_count": 2,
  "query_count": 10
}
{
  "exact_match_rate_all_queries": 0.9,
  "exact_match_rate_parsed_queries": 0.9,
  "exact_matches": 9,
  "ignored_count": 0,
  "legacy_compatible_match_rate": 0.9,
  "mean_element_accuracy_parsed_queries": 0.9666666666666666,
  "parse_rate": 1.0,
  "parsed_count": 10,
  "query_count": 10
}
{
  "exact_match_rate_all_queries": 0.9,
  "exact_match_rate_parsed_queries": 0.9,
  "exact_matches": 9,
  "ignored_count": 0,
  "legacy_compatible_match_rate": 0.9,
  "mean_element_accuracy_parsed_queries": 0.9666666666666666,
  "parse_rate": 1.0,
  "parsed_count": 10,
  "query_count": 10
}
