{
  "exact_match_rate_all_queries": 0.6666666666666666,
  "exact_match_rate_parsed_queries": 0.6666666666666666,
  "exact_matches": 20,
  "ignored_count": 0,
  "legacy_compatible_match_rate": 0.6666666666666666,
  "mean_element_accuracy_parsed_queries": null,
  "parse_rate": 1.0,
  "parsed_count": 30,
  "query_count": 30
}
{
  "exact_match_rate_all_queries": 0.7,
  "exact_match_rate_parsed_queries": 0.7,
  "exact_matches": 21,
  "ignored_count": 0,
  "legacy_compatible_match_rate": 0.7,
  "mean_element_accuracy_parsed_queries": null,
  "parse_rate": 1.0,
  "parsed_count": 30,
  "query_count": 30
}
{
  "exact_match_rate_all_queries": 0.9,
  "exact_match_rate_parsed_queries": 0.9,
  "exact_matches": 27,
  "ignored_count": 0,
  "legacy_compatible_match_rate": 0.9,
  "mean_element_accuracy_parsed_queries": null,
  "parse_rate": 1.0,
  "parsed_count": 30,
  "query_count": 30
}
{
  "exact_match_rate_all_queries": 0.8666666666666667,
  "exact_match_rate_parsed_queries": 0.8666666666666667,
  "exact_matches": 26,
  "ignored_count": 0,
  "legacy_compatible_match_rate": 0.8666666666666667,
  "mean_element_accuracy_parsed_queries": null,
  "parse_rate": 1.0,
  "parsed_count": 30,
  "query_count": 30
}
{
  "exact_match_rate_all_queries": 0.6333333333333333,
  "exact_match_rate_parsed_queries": 0.6333333333333333,
  "exact_matches": 19,
  "ignored_count": 0,
  "legacy_compatible_match_rate": 0.6333333333333333,
  "mean_element_accuracy_parsed_queries": null,
  "parse_rate": 1.0,
  "parsed_count": 30,
  "query_count": 30
}
{
  "exact_match_rate_all_queries": 0.43333333333333335,
  "exact_match_rate_parsed_queries": 0.43333333333333335,
  "exact_matches": 13,
  "ignored_count": 0,
  "legacy_compatible_match_rate": 0.43333333333333335,
  "mean_element_accuracy_parsed_queries": null,
  "parse_rate": 1.0,
  "parsed_count": 30,
  "query_count": 30
}
{
  "exact_match_rate_all_queries": 0.6,
  "exact_match_rate_parsed_queries": 0.6,
  "exact_matches": 18,
  "ignored_count": 0,
  "legacy_compatible_match_rate": 0.6,
  "mean_element_accuracy_parsed_queries": null,
  "parse_rate": 1.0,
  "parsed_count": 30,
  "query_count": 30
}
{
  "exact_match_rate_all_queries": 0.6,
  "exact_match_rate_parsed_queries": 0.6,
  "exact_matches": 18,
  "ignored_count": 0,
  "legacy_compatible_match_rate": 0.6,
  "mean_element_accuracy_parsed_queries": null,
  "parse_rate": 1.0,
  "parsed_count": 30,
  "query_count": 30
}
{
  "exact_match_rate_all_queries": 0.7,
  "exact_match_rate_parsed_queries": 0.7,
  "exact_matches": 21,
  "ignored_count": 0,
  "legacy_compatible_match_rate": 0.7,
  "mean_element_accuracy_parsed_queries": 0.85,
  "parse_rate": 1.0,
  "parsed_count": 30,
  "query_count": 30
}
{
  "exact_match_rate_all_queries": 0.4666666666666667,
  "exact_match_rate_parsed_queries": 0.4666666666666667,
  "exact_matches": 14,
  "ignored_count": 0,
  "legacy_compatible_match_rate": 0.4666666666666667,
  "mean_element_accuracy_parsed_queries": 0.7333333333333333,
  "parse_rate": 1.0,
  "parsed_count": 30,
  "query_count": 30
}
{
  "exact_match_rate_all_queries": 0.36666666666666664,
  "exact_match_rate_parsed_queries": 0.36666666666666664,
  "exact_matches": 11,
  "ignored_count": 0,
  "legacy_compatible_match_rate": 0.36666666666666664,
  "mean_element_accuracy_parsed_queries": 0.65,
  "parse_rate": 1.0,
  "parsed_count": 30,
  "query_count": 30
}
{
  "exact_match_rate_all_queries": 0.4666666666666667,
  "exact_match_rate_parsed_queries": 0.4827586206896552,
  "exact_matches": 14,
  "ignored_count": 1,
  "legacy_compatible_match_rate": 0.4827586206896552,
  "mean_element_accuracy_parsed_queries": 0.7241379310344828,
  "parse_rate": 0.9666666666666667,
  "parsed_count": 29,
  "query_count": 30
}
{
  "exact_match_rate_all_queries": 0.5666666666666667,
  "exact_match_rate_parsed_queries": 0.5862068965517241,
  "exact_matches": 17,
  "ignored_count": 1,
  "legacy_compatible_match_rate": 0.5862068965517241,
  "mean_element_accuracy_parsed_queries": 0.7241379310344828,
  "parse_rate": 0.9666666666666667,
  "parsed_count": 29,
  "query_count": 30
}
{
  "exact_match_rate_all_queries": 0.3,
  "exact_match_rate_parsed_queries": 0.3,
  "exact_matches": 9,
  "ignored_count": 0,
  "legacy_compatible_match_rate": 0.3,
  "mean_element_accuracy_parsed_queries": 0.55,
  "parse_rate": 1.0,
  "parsed_count": 30,
  "query_count": 30
}
{
  "exact_match_rate_all_queries": 0.4,
  "exact_match_rate_parsed_queries": 0.4,
  "exact_matches": 12,
  "ignored_count": 0,
  "legacy_compatible_match_rate": 0.4,
  "mean_element_accuracy_parsed_queries": 0.65,
  "parse_rate": 1.0,
  "parsed_count": 30,
  "query_count": 30
}
{
  "exact_match_rate_all_queries": 0.23333333333333334,
  "exact_match_rate_parsed_queries": 0.23333333333333334,
  "exact_matches": 7,
  "ignored_count": 0,
  "legacy_compatible_match_rate": 0.23333333333333334,
  "mean_element_accuracy_parsed_queries": 0.48333333333333334,
  "parse_rate": 1.0,
  "parsed_count": 30,
  "query_count": 30
}
{
  "exact_match_rate_all_queries": 0.16666666666666666,
  "exact_match_rate_parsed_queries": 0.19230769230769232,
  "exact_matches": 5,
  "ignored_count": 4,
  "legacy_compatible_match_rate": 0.16666666666666666,
  "mean_element_accuracy_parsed_queries": 0.19230769230769232,
  "parse_rate": 0.8666666666666667,
  "parsed_count": 26,
  "query_count": 30
}
{
  "exact_match_rate_all_queries": 0.13333333333333333,
  "exact_match_rate_parsed_queries": 0.14814814814814814,
  "exact_matches": 4,
  "ignored_count": 3,
  "legacy_compatible_match_rate": 0.13333333333333333,
  "mean_element_accuracy_parsed_queries": 0.14814814814814814,
  "parse_rate": 0.9,
  "parsed_count": 27,
  "query_count": 30
}
{
  "exact_match_rate_all_queries": 0.13333333333333333,
  "exact_match_rate_parsed_queries": 0.13793103448275862,
  "exact_matches": 4,
  "ignored_count": 1,
  "legacy_compatible_match_rate": 0.13333333333333333,
  "mean_element_accuracy_parsed_queries": 0.13793103448275862,
  "parse_rate": 0.9666666666666667,
  "parsed_count": 29,
  "query_count": 30
}
{
  "exact_match_rate_all_queries": 0.23333333333333334,
  "exact_match_rate_parsed_queries": 0.2413793103448276,
  "exact_matches": 7,
  "ignored_count": 1,
  "legacy_compatible_match_rate": 0.23333333333333334,
  "mean_element_accuracy_parsed_queries": 0.2413793103448276,
  "parse_rate": 0.9666666666666667,
  "parsed_count": 29,
  "query_count": 30
}
{
  "exact_match_rate_all_queries": 0.1,
  "exact_match_rate_parsed_queries": 0.11538461538461539,
  "exact_matches": 3,
  "ignored_count": 4,
  "legacy_compatible_match_rate": 0.1,
  "mean_element_accuracy_parsed_queries": 0.11538461538461539,
  "parse_rate": 0.8666666666666667,
  "parsed_count": 26,
  "query_count": 30
}
{
  "exact_match_rate_all_queries": 0.1,
  "exact_match_rate_parsed_queries": 0.14285714285714285,
  "exact_matches": 3,
  "ignored_count": 9,
  "legacy_compatible_match_rate": 0.1,
  "mean_element_accuracy_parsed_queries": 0.14285714285714285,
  "parse_rate": 0.7,
  "parsed_count": 21,
  "query_count": 30
}
{
  "exact_match_rate_all_queries": 0.16666666666666666,
  "exact_match_rate_parsed_queries": 0.17857142857142858,
  "exact_matches": 5,
  "ignored_count": 2,
  "legacy_compatible_match_rate": 0.16666666666666666,
  "mean_element_accuracy_parsed_queries": 0.17857142857142858,
  "parse_rate": 0.9333333333333333,
  "parsed_count": 28,
  "query_count": 30
}
{
  "exact_match_rate_all_queries": 0.13333333333333333,
  "exact_match_rate_parsed_queries": 0.15384615384615385,
  "exact_matches": 4,
  "ignored_count": 4,
  "legacy_compatible_match_rate": 0.13333333333333333,
  "mean_element_accuracy_parsed_queries": 0.15384615384615385,
  "parse_rate": 0.8666666666666667,
  "parsed_count": 26,
  "query_count": 30
}
{
  "exact_match_rate_all_queries": 0.03333333333333333,
  "exact_match_rate_parsed_queries": 0.034482758620689655,
  "exact_matches": 1,
  "ignored_count": 1,
  "legacy_compatible_match_rate": 0.034482758620689655,
  "mean_element_accuracy_parsed_queries": 0.528735632183908,
  "parse_rate": 0.9666666666666667,
  "parsed_count": 29,
  "query_count": 30
}
{
  "exact_match_rate_all_queries": 0.06666666666666667,
  "exact_match_rate_parsed_queries": 0.07407407407407407,
  "exact_matches": 2,
  "ignored_count": 3,
  "legacy_compatible_match_rate": 0.07407407407407407,
  "mean_element_accuracy_parsed_queries": 0.5555555555555556,
  "parse_rate": 0.9,
  "parsed_count": 27,
  "query_count": 30
}
{
  "exact_match_rate_all_queries": 0.0,
  "exact_match_rate_parsed_queries": 0.0,
  "exact_matches": 0,
  "ignored_count": 4,
  "legacy_compatible_match_rate": 0.0,
  "mean_element_accuracy_parsed_queries": 0.5,
  "parse_rate": 0.8666666666666667,
  "parsed_count": 26,
  "query_count": 30
}
{
  "exact_match_rate_all_queries": 0.0,
  "exact_match_rate_parsed_queries": 0.0,
  "exact_matches": 0,
  "ignored_count": 1,
  "legacy_compatible_match_rate": 0.0,
  "mean_element_accuracy_parsed_queries": 0.4827586206896552,
  "parse_rate": 0.9666666666666667,
  "parsed_count": 29,
  "query_count": 30
}
{
  "exact_match_rate_all_queries": 0.03333333333333333,
  "exact_match_rate_parsed_queries": 0.034482758620689655,
  "exact_matches": 1,
  "ignored_count": 1,
  "legacy_compatible_match_rate": 0.034482758620689655,
  "mean_element_accuracy_parsed_queries": 0.528735632183908,
  "parse_rate": 0.9666666666666667,
  "parsed_count": 29,
  "query_count": 30
}
{
  "exact_match_rate_all_queries": 0.0,
  "exact_match_rate_parsed_queries": 0.0,
  "exact_matches": 0,
  "ignored_count": 2,
  "legacy_compatible_match_rate": 0.0,
  "mean_element_accuracy_parsed_queries": 0.5238095238095238,
  "parse_rate": 0.9333333333333333,
  "parsed_count": 28,
  "query_count": 30
}
{
  "exact_match_rate_all_queries": 0.0,
  "exact_match_rate_parsed_queries": 0.0,
  "exact_matches": 0,
  "ignored_count": 2,
  "legacy_compatible_match_rate": 0.0,
  "mean_element_accuracy_parsed_queries": 0.5476190476190476,
  "parse_rate": 0.9333333333333333,
  "parsed_count": 28,
  "query_count": 30
}
{
  "exact_match_rate_all_queries": 0.03333333333333333,
  "exact_match_rate_parsed_queries": 0.03333333333333333,
  "exact_matches": 1,
  "ignored_count": 0,
  "legacy_compatible_match_rate": 0.03333333333333333,
  "mean_element_accuracy_parsed_queries": 0.5222222222222223,
  "parse_rate": 1.0,
  "parsed_count": 30,
  "query_count": 30
}
