{
  "exact_match_rate_all_queries": 1.0,
  "exact_match_rate_parsed_queries": 1.0,
  "exact_matches": 1,
  "ignored_count": 0,
  "legacy_compatible_match_rate": 1.0,
  "mean_element_accuracy_parsed_queries": null,
  "parse_rate": 1.0,
  "parsed_count": 1,
  "query_count": 1
}
{
  "exact_match_rate_all_queries": 1.0,
  "exact_match_rate_parsed_queries": 1.0,
  "exact_matches": 1,
  "ignored_count": 0,
  "legacy_compatible_match_rate": 1.0,
  "mean_element_accuracy_parsed_queries": null,
  "parse_rate": 1.0,
  "parsed_count": 1,
  "query_count": 1
}
{
  "exact_match_rate_all_queries": 1.0,
  "exact_match_rate_parsed_queries": 1.0,
  "exact_matches": 1,
  "ignored_count": 0,
  "legacy_compatible_match_rate": 1.0,
  "mean_element_accuracy_parsed_queries": 1.0,
  "parse_rate": 1.0,
  "parsed_count": 1,
  "query_count": 1
}
{
  "exact_match_rate_all_queries": 0.0,
  "exact_match_rate_parsed_queries": 0.0,
  "exact_matches": 0,
  "ignored_count": 0,
  "legacy_compatible_match_rate": 0.0,
  "mean_element_accuracy_parsed_queries": 0.5,
  "parse_rate": 1.0,
  "parsed_count": 1,
  "query_count": 1
}
{
  "exact_match_rate_all_queries": 1.0,
  "exact_match_rate_parsed_queries": 1.0,
  "exact_matches": 1,
  "ignored_count": 0,
  "legacy_compatible_match_rate": 1.0,
  "mean_element_accuracy_parsed_queries": 1.0,
  "parse_rate": 1.0,
  "parsed_count": 1,
  "query_count": 1
}
{
  "exact_match_rate_all_queries": 0.0,
  "exact_match_rate_parsed_queries": 0.0,
  "exact_matches": 0,
  "ignored_count": 0,
  "legacy_compatible_match_rate": 0.0,
  "mean_element_accuracy_parsed_queries": 0.0,
  "parse_rate": 1.0,
  "parsed_count": 1,
  "query_count": 1
}
{
  "exact_match_rate_all_queries": 0.0,
  "exact_match_rate_parsed_queries": 0.0,
  "exact_matches": 0,
  "ignored_count": 0,
  "legacy_compatible_match_rate": 0.0,
  "mean_element_accuracy_parsed_queries": 0.3333333333333333,
  "parse_rate": 1.0,
  "parsed_count": 1,
  "query_count": 1
}
{
  "exact_match_rate_all_queries": 0.0,
  "exact_match_rate_parsed_queries": 0.0,
  "exact_matches": 0,
  "ignored_count": 0,
  "legacy_compatible_match_rate": 0.0,
  "mean_element_accuracy_parsed_queries": 0.6666666666666666,
  "parse_rate": 1.0,
  "parsed_count": 1,
  "query_count": 1
}
